<testsuites id="" name="" tests="191" failures="3" skipped="27" errors="3" time="1243.652382">
<testsuite name="asap-only/asap-api-payload.spec.ts" timestamp="2026-07-08T15:54:02.880Z" hostname="rider-chromium" tests="13" failures="0" skipped="2" time="273.227" errors="1">
<testcase name="ASAP Only — API Payload Verification @asap @payload @regression @safe › @smoke @sanity ASAP_027: No booking object in payload" classname="asap-only/asap-api-payload.spec.ts" time="40.026">
</testcase>
<testcase name="ASAP Only — API Payload Verification @asap @payload @regression @safe › ASAP_028: No luggage/riderType in payload" classname="asap-only/asap-api-payload.spec.ts" time="39.66">
</testcase>
<testcase name="ASAP Only — API Payload Verification @asap @payload @regression @safe › ASAP_047: Flight &amp; room numbers included in payload when filled" classname="asap-only/asap-api-payload.spec.ts" time="42.469">
<system-out>
<![CDATA[
[[ATTACHMENT|test-results/asap-only-asap-api-payload-7c973-uded-in-payload-when-filled-rider-chromium/test-failed-1.png]]

[[ATTACHMENT|test-results/asap-only-asap-api-payload-7c973-uded-in-payload-when-filled-rider-chromium/video.webm]]

[[ATTACHMENT|test-results/asap-only-asap-api-payload-7c973-uded-in-payload-when-filled-rider-chromium/error-context.md]]

[[ATTACHMENT|test-results/asap-only-asap-api-payload-7c973-uded-in-payload-when-filled-rider-chromium/trace.zip]]

[[ATTACHMENT|test-results/asap-only-asap-api-payload-7c973-uded-in-payload-when-filled-rider-chromium-retry1/test-failed-1.png]]

[[ATTACHMENT|test-results/asap-only-asap-api-payload-7c973-uded-in-payload-when-filled-rider-chromium-retry1/video.webm]]

[[ATTACHMENT|test-results/asap-only-asap-api-payload-7c973-uded-in-payload-when-filled-rider-chromium-retry1/error-context.md]]

[[ATTACHMENT|test-results/asap-only-asap-api-payload-7c973-uded-in-payload-when-filled-rider-chromium-retry1/trace.zip]]
]]>
</system-out>
<error message="locator.scrollIntoViewIfNeeded: Timeout 10000ms exceeded." type="TimeoutError">
<![CDATA[  [rider-chromium] › asap-only/asap-api-payload.spec.ts:60:7 › ASAP Only — API Payload Verification @asap @payload @regression @safe › ASAP_047: Flight & room numbers included in payload when filled 

    TimeoutError: locator.scrollIntoViewIfNeeded: Timeout 10000ms exceeded.
    Call log:
      - waiting for getByPlaceholder('Flight Number')


       at ../../pages/rider/GuestFormSection.ts:101

       99 |   /** Fill the ASAP "Flight Number" field (maxlength 10). */
      100 |   async fillFlight(value: string) {
    > 101 |     await this.flightInput.scrollIntoViewIfNeeded();
          |                            ^
      102 |     await this.flightInput.fill(value);
      103 |   }
      104 |
        at GuestFormSection.fillFlight (/home/user/Desktop/ai-tms-riderapp-playwright-e2e-tests/pages/rider/GuestFormSection.ts:101:28)
        at /home/user/Desktop/ai-tms-riderapp-playwright-e2e-tests/tests/on-demand/asap-only/asap-api-payload.spec.ts:62:14

    attachment #1: screenshot (image/png) ──────────────────────────────────────────────────────────
    ../../test-results/asap-only-asap-api-payload-7c973-uded-in-payload-when-filled-rider-chromium/test-failed-1.png
    ────────────────────────────────────────────────────────────────────────────────────────────────

    attachment #2: video (video/webm) ──────────────────────────────────────────────────────────────
    ../../test-results/asap-only-asap-api-payload-7c973-uded-in-payload-when-filled-rider-chromium/video.webm
    ────────────────────────────────────────────────────────────────────────────────────────────────

    Error Context: ../../test-results/asap-only-asap-api-payload-7c973-uded-in-payload-when-filled-rider-chromium/error-context.md

    attachment #4: trace (application/zip) ─────────────────────────────────────────────────────────
    ../../test-results/asap-only-asap-api-payload-7c973-uded-in-payload-when-filled-rider-chromium/trace.zip
    Usage:

        npx playwright show-trace ../../test-results/asap-only-asap-api-payload-7c973-uded-in-payload-when-filled-rider-chromium/trace.zip

    ────────────────────────────────────────────────────────────────────────────────────────────────

    Retry #1 ───────────────────────────────────────────────────────────────────────────────────────

    TimeoutError: locator.scrollIntoViewIfNeeded: Timeout 10000ms exceeded.
    Call log:
      - waiting for getByPlaceholder('Flight Number')


       at ../../pages/rider/GuestFormSection.ts:101

       99 |   /** Fill the ASAP "Flight Number" field (maxlength 10). */
      100 |   async fillFlight(value: string) {
    > 101 |     await this.flightInput.scrollIntoViewIfNeeded();
          |                            ^
      102 |     await this.flightInput.fill(value);
      103 |   }
      104 |
        at GuestFormSection.fillFlight (/home/user/Desktop/ai-tms-riderapp-playwright-e2e-tests/pages/rider/GuestFormSection.ts:101:28)
        at /home/user/Desktop/ai-tms-riderapp-playwright-e2e-tests/tests/on-demand/asap-only/asap-api-payload.spec.ts:62:14

    attachment #1: screenshot (image/png) ──────────────────────────────────────────────────────────
    ../../test-results/asap-only-asap-api-payload-7c973-uded-in-payload-when-filled-rider-chromium-retry1/test-failed-1.png
    ────────────────────────────────────────────────────────────────────────────────────────────────

    attachment #2: video (video/webm) ──────────────────────────────────────────────────────────────
    ../../test-results/asap-only-asap-api-payload-7c973-uded-in-payload-when-filled-rider-chromium-retry1/video.webm
    ────────────────────────────────────────────────────────────────────────────────────────────────

    Error Context: ../../test-results/asap-only-asap-api-payload-7c973-uded-in-payload-when-filled-rider-chromium-retry1/error-context.md

    attachment #4: trace (application/zip) ─────────────────────────────────────────────────────────
    ../../test-results/asap-only-asap-api-payload-7c973-uded-in-payload-when-filled-rider-chromium-retry1/trace.zip
    Usage:

        npx playwright show-trace ../../test-results/asap-only-asap-api-payload-7c973-uded-in-payload-when-filled-rider-chromium-retry1/trace.zip

    ────────────────────────────────────────────────────────────────────────────────────────────────
]]>
</error>
</testcase>
<testcase name="ASAP Only — API Payload Verification @asap @payload @regression @safe › ASAP_048: Flight &amp; room are null when not filled" classname="asap-only/asap-api-payload.spec.ts" time="39.971">
</testcase>
<testcase name="ASAP Only — API Payload Verification @asap @payload @regression @safe › ASAP_029: Stop IDs are real values (not 0)" classname="asap-only/asap-api-payload.spec.ts" time="39.812">
</testcase>
<testcase name="ASAP Only — API Payload Verification @asap @payload @regression @safe › @smoke ASAP_030: API uses /rider/api/v1 endpoint" classname="asap-only/asap-api-payload.spec.ts" time="13.376">
</testcase>
<testcase name="ASAP Only — API Payload Verification @asap @payload @regression @safe › ASAP_031: Submit uses /request (no type suffix)" classname="asap-only/asap-api-payload.spec.ts" time="13.944">
</testcase>
<testcase name="ASAP Only — API Payload Verification @asap @payload @regression @safe › ASAP_044: Payload has correct rider details" classname="asap-only/asap-api-payload.spec.ts" time="17.968">
</testcase>
<testcase name="ASAP Only — API Payload Verification @asap @payload @regression @safe › Payload has pickup/dropoff coordinates" classname="asap-only/asap-api-payload.spec.ts" time="8.704">
</testcase>
<testcase name="ASAP Only — API Payload Verification @asap @payload @regression @safe › ASAP_045: Loader appears during submission" classname="asap-only/asap-api-payload.spec.ts">
<properties>
<property name="fixme" value="">
</property>
</properties>
<skipped>
</skipped>
</testcase>
<testcase name="ASAP Only — API Payload Verification @asap @payload @regression @safe › API timeout shows error state" classname="asap-only/asap-api-payload.spec.ts">
<properties>
<property name="fixme" value="">
</property>
</properties>
<skipped>
</skipped>
</testcase>
<testcase name="ASAP Only — API Failure Negatives @asap @payload @safe @regression @negative › @negative NEG_API_001: 500 on submit → error shown, stays on form" classname="asap-only/asap-api-payload.spec.ts" time="6.894">
</testcase>
<testcase name="ASAP Only — API Failure Negatives @asap @payload @safe @regression @negative › @negative NEG_API_002: success:false response → error shown, no ride" classname="asap-only/asap-api-payload.spec.ts" time="10.403">
</testcase>
</testsuite>
<testsuite name="asap-only/asap-form.spec.ts" timestamp="2026-07-08T15:54:02.880Z" hostname="rider-chromium" tests="26" failures="0" skipped="5" time="120.624" errors="0">
<testcase name="ASAP Only — Form Fields &amp; Behavior @asap @ui-only @regression @safe › @smoke @sanity @prod ASAP_009: Full form opens with &quot;Enter Ride Details&quot; heading" classname="asap-only/asap-form.spec.ts" time="4.916">
</testcase>
<testcase name="ASAP Only — Form Fields &amp; Behavior @asap @ui-only @regression @safe › ASAP_011: Special Assistance checkbox visible" classname="asap-only/asap-form.spec.ts" time="4.48">
</testcase>
<testcase name="ASAP Only — Form Fields &amp; Behavior @asap @ui-only @regression @safe › ASAP_012: ADA label shows &quot;Special Assistance&quot;" classname="asap-only/asap-form.spec.ts" time="4.812">
</testcase>
<testcase name="ASAP Only — Form Fields &amp; Behavior @asap @ui-only @regression @safe › ASAP_013: Notes textarea visible" classname="asap-only/asap-form.spec.ts" time="4.655">
</testcase>
<testcase name="ASAP Only — Form Fields &amp; Behavior @asap @ui-only @regression @safe › ASAP_014: Notes placeholder shows &quot;Note&quot;" classname="asap-only/asap-form.spec.ts" time="5.937">
</testcase>
<testcase name="ASAP Only — Form Fields &amp; Behavior @asap @ui-only @regression @safe › @smoke ASAP_015: Flight Number field visible" classname="asap-only/asap-form.spec.ts">
<properties>
<property name="skip" value="">
</property>
</properties>
<skipped>
</skipped>
</testcase>
<testcase name="ASAP Only — Form Fields &amp; Behavior @asap @ui-only @regression @safe › ASAP_016: Room Number field visible" classname="asap-only/asap-form.spec.ts">
<properties>
<property name="skip" value="">
</property>
</properties>
<skipped>
</skipped>
</testcase>
<testcase name="ASAP Only — Form Fields &amp; Behavior @asap @ui-only @regression @safe › ASAP_015a: Flight Number accepts input and enforces maxLength 10" classname="asap-only/asap-form.spec.ts">
<properties>
<property name="skip" value="">
</property>
</properties>
<skipped>
</skipped>
</testcase>
<testcase name="ASAP Only — Form Fields &amp; Behavior @asap @ui-only @regression @safe › ASAP_016a: Room Number accepts input and enforces maxLength 10" classname="asap-only/asap-form.spec.ts">
<properties>
<property name="skip" value="">
</property>
</properties>
<skipped>
</skipped>
</testcase>
<testcase name="ASAP Only — Form Fields &amp; Behavior @asap @ui-only @regression @safe › ASAP_017: Rider type radios hidden" classname="asap-only/asap-form.spec.ts" time="6.422">
</testcase>
<testcase name="ASAP Only — Form Fields &amp; Behavior @asap @ui-only @regression @safe › ASAP_010: Rider count dropdown exists in flow" classname="asap-only/asap-form.spec.ts" time="6.52">
</testcase>
<testcase name="ASAP Only — Form Fields &amp; Behavior @asap @ui-only @regression @safe › ASAP_018: Notes textarea enforces maxLength" classname="asap-only/asap-form.spec.ts" time="7.062">
</testcase>
<testcase name="ASAP Only — Form Fields &amp; Behavior @asap @ui-only @regression @safe › Name input accepts text" classname="asap-only/asap-form.spec.ts" time="6.436">
</testcase>
<testcase name="ASAP Only — Form Fields &amp; Behavior @asap @ui-only @regression @safe › Phone input accepts numeric input" classname="asap-only/asap-form.spec.ts" time="5.118">
</testcase>
<testcase name="ASAP Only — Form Fields &amp; Behavior @asap @ui-only @regression @safe › Special Assistance checkbox toggles" classname="asap-only/asap-form.spec.ts" time="5.272">
</testcase>
<testcase name="ASAP Only — Form Fields &amp; Behavior @asap @ui-only @regression @safe › Notes textarea accepts text up to maxLength" classname="asap-only/asap-form.spec.ts" time="5.422">
</testcase>
<testcase name="ASAP Only — Form Fields &amp; Behavior @asap @ui-only @regression @safe › Country code selector opens" classname="asap-only/asap-form.spec.ts" time="5.763">
</testcase>
<testcase name="ASAP Only — Form Fields &amp; Behavior @asap @ui-only @regression @safe › Country code dropdown filters by search" classname="asap-only/asap-form.spec.ts" time="5.77">
</testcase>
<testcase name="ASAP Only — Form Fields &amp; Behavior @asap @ui-only @regression @safe › Back button shows Go Back confirmation dialog" classname="asap-only/asap-form.spec.ts" time="5.038">
</testcase>
<testcase name="ASAP Only — Form Fields &amp; Behavior @asap @ui-only @regression @safe › Back dialog Cancel keeps user on form" classname="asap-only/asap-form.spec.ts" time="4.826">
</testcase>
<testcase name="ASAP Only — Form Fields &amp; Behavior @asap @ui-only @regression @safe › Back dialog Go Back returns to location page" classname="asap-only/asap-form.spec.ts" time="7.712">
</testcase>
<testcase name="ASAP Only — Form Fields &amp; Behavior @asap @ui-only @regression @safe › @smoke @prod &quot;Request Ride&quot; button visible" classname="asap-only/asap-form.spec.ts" time="6.004">
</testcase>
<testcase name="ASAP Only — Form Fields &amp; Behavior @asap @ui-only @regression @safe › Terms of Service link visible" classname="asap-only/asap-form.spec.ts" time="8.147">
</testcase>
<testcase name="ASAP Only — Form Fields &amp; Behavior @asap @ui-only @regression @safe › Privacy Policy link visible" classname="asap-only/asap-form.spec.ts" time="5.224">
</testcase>
<testcase name="ASAP Only — Form Fields &amp; Behavior @asap @ui-only @regression @safe › Riders dropdown was pre-selected" classname="asap-only/asap-form.spec.ts" time="5.088">
</testcase>
<testcase name="ASAP Only — Form Fields &amp; Behavior @asap @ui-only @regression @safe › ASAP_042: Guest data saved to cookies" classname="asap-only/asap-form.spec.ts">
<properties>
<property name="skip" value="">
</property>
</properties>
<skipped>
</skipped>
</testcase>
</testsuite>
<testsuite name="asap-only/asap-location-advanced.spec.ts" timestamp="2026-07-08T15:54:02.880Z" hostname="rider-chromium" tests="23" failures="0" skipped="0" time="101.93" errors="0">
<testcase name="ASAP Only — Stop Search @asap @ui-only @regression @safe › @smoke SEARCH_001: Search pickup stops by partial name" classname="asap-only/asap-location-advanced.spec.ts" time="3.45">
</testcase>
<testcase name="ASAP Only — Stop Search @asap @ui-only @regression @safe › SEARCH_002: Search dropoff stops by partial name" classname="asap-only/asap-location-advanced.spec.ts" time="3.716">
</testcase>
<testcase name="ASAP Only — Stop Search @asap @ui-only @regression @safe › SEARCH_003: Search with no results shows empty state" classname="asap-only/asap-location-advanced.spec.ts" time="7.314">
</testcase>
<testcase name="ASAP Only — Stop Search @asap @ui-only @regression @safe › SEARCH_004: Clearing search restores full stop list" classname="asap-only/asap-location-advanced.spec.ts" time="3.955">
</testcase>
<testcase name="ASAP Only — Stop Search @asap @ui-only @regression @safe › SEARCH_005: Search is case-insensitive" classname="asap-only/asap-location-advanced.spec.ts" time="3.737">
</testcase>
<testcase name="ASAP Only — Stop Search @asap @ui-only @regression @safe › SEARCH_006: Select a stop from search results" classname="asap-only/asap-location-advanced.spec.ts" time="3.57">
</testcase>
<testcase name="ASAP Only — Stop Search @asap @ui-only @regression @safe › SEARCH_007: Search by single character returns results" classname="asap-only/asap-location-advanced.spec.ts" time="3.732">
</testcase>
<testcase name="ASAP Only — Random Stops &amp; Dynamic Riders @asap @regression @safe › @smoke RANDOM_001: Select random pickup and dropoff stops" classname="asap-only/asap-location-advanced.spec.ts" time="3.726">
</testcase>
<testcase name="ASAP Only — Random Stops &amp; Dynamic Riders @asap @regression @safe › RANDOM_002: All available stops are listed for pickup" classname="asap-only/asap-location-advanced.spec.ts" time="3.381">
</testcase>
<testcase name="ASAP Only — Random Stops &amp; Dynamic Riders @asap @regression @safe › RANDOM_003: Selected pickup is removed from dropoff list" classname="asap-only/asap-location-advanced.spec.ts" time="4.229">
</testcase>
<testcase name="ASAP Only — Random Stops &amp; Dynamic Riders @asap @regression @safe › RANDOM_004: Multiple riders can be selected from dropdown" classname="asap-only/asap-location-advanced.spec.ts" time="5.58">
</testcase>
<testcase name="ASAP Only — Random Stops &amp; Dynamic Riders @asap @regression @safe › RANDOM_005: Complete ride request with random stops" classname="asap-only/asap-location-advanced.spec.ts" time="9.28">
</testcase>
<testcase name="ASAP Only — Map View @asap @ui-only @regression @safe › @smoke MAP_001: &quot;View on map&quot; is visible and clickable" classname="asap-only/asap-location-advanced.spec.ts" time="5.833">
</testcase>
<testcase name="ASAP Only — Map View @asap @ui-only @regression @safe › MAP_002: Clicking &quot;View on map&quot; changes page view" classname="asap-only/asap-location-advanced.spec.ts" time="3.688">
</testcase>
<testcase name="ASAP Only — Map View @asap @ui-only @regression @safe › MAP_003: Map area loads after selecting both stops" classname="asap-only/asap-location-advanced.spec.ts" time="4.299">
</testcase>
<testcase name="ASAP Only — Map View @asap @ui-only @regression @safe › MAP_004: Map container has Google Maps elements" classname="asap-only/asap-location-advanced.spec.ts" time="4.288">
</testcase>
<testcase name="ASAP Only — Use Current Location @asap @ui-only @regression @safe › @smoke LOC_001: &quot;Use Current Location&quot; button is visible" classname="asap-only/asap-location-advanced.spec.ts" time="3.977">
</testcase>
<testcase name="ASAP Only — Use Current Location @asap @ui-only @regression @safe › LOC_002: Clicking &quot;Use Current Location&quot; triggers location dialog or action" classname="asap-only/asap-location-advanced.spec.ts" time="3.971">
</testcase>
<testcase name="ASAP Only — Use Current Location @asap @ui-only @regression @safe › LOC_003: Location permission dialog shows Allow and Not Now buttons" classname="asap-only/asap-location-advanced.spec.ts" time="3.673">
</testcase>
<testcase name="ASAP Only — Use Current Location @asap @ui-only @regression @safe › LOC_004: Clicking &quot;Not Now&quot; dismisses the location dialog" classname="asap-only/asap-location-advanced.spec.ts" time="4.176">
</testcase>
<testcase name="ASAP Only — Use Current Location @asap @ui-only @regression @safe › LOC_005: Geolocation granted selects nearest stop" classname="asap-only/asap-location-advanced.spec.ts" time="4.219">
</testcase>
<testcase name="ASAP Only — Use Current Location @asap @ui-only @regression @safe › LOC_006: Geolocation denied shows denied modal" classname="asap-only/asap-location-advanced.spec.ts" time="4.084">
</testcase>
<testcase name="ASAP Only — Use Current Location @asap @ui-only @regression @safe › LOC_007: &quot;Use Current Location&quot; hidden when dropoff input is focused" classname="asap-only/asap-location-advanced.spec.ts" time="4.052">
</testcase>
</testsuite>
<testsuite name="asap-only/asap-location.spec.ts" timestamp="2026-07-08T15:54:02.880Z" hostname="rider-chromium" tests="25" failures="1" skipped="0" time="247.862" errors="1">
<testcase name="ASAP Only — Location Selection @asap @ui-only @regression @safe › @smoke @sanity @prod ASAP_001: Date/time picker is NOT rendered" classname="asap-only/asap-location.spec.ts" time="3.988">
</testcase>
<testcase name="ASAP Only — Location Selection @asap @ui-only @regression @safe › ASAP_005: Header shows &quot;Select Location&quot; before stops chosen" classname="asap-only/asap-location.spec.ts" time="3.387">
</testcase>
<testcase name="ASAP Only — Location Selection @asap @ui-only @regression @safe › ASAP_006: Header shows &quot;Confirm Location&quot; after both stops selected" classname="asap-only/asap-location.spec.ts" time="5.517">
</testcase>
<testcase name="ASAP Only — Location Selection @asap @ui-only @regression @safe › @smoke ASAP_002: Button text shows &quot;Confirm Location&quot; (not &quot;Next&quot;)" classname="asap-only/asap-location.spec.ts" time="4.306">
</testcase>
<testcase name="ASAP Only — Location Selection @asap @ui-only @regression @safe › ASAP_003: Button enabled without time selection" classname="asap-only/asap-location.spec.ts" time="5.778">
</testcase>
<testcase name="ASAP Only — Location Selection @asap @ui-only @regression @safe › @smoke ASAP_004: &quot;Use Current Location&quot; button visible" classname="asap-only/asap-location.spec.ts" time="4.781">
</testcase>
<testcase name="ASAP Only — Location Selection @asap @ui-only @regression @safe › ASAP_007: No getAvailableDates API call" classname="asap-only/asap-location.spec.ts" time="4.635">
</testcase>
<testcase name="ASAP Only — Location Selection @asap @ui-only @regression @safe › ASAP_008: No getAvailableSlots API call" classname="asap-only/asap-location.spec.ts" time="5.075">
</testcase>
<testcase name="ASAP Only — Location Selection @asap @ui-only @regression @safe › Riders dropdown exists in booking flow" classname="asap-only/asap-location.spec.ts" time="3.771">
</testcase>
<testcase name="ASAP Only — Location Selection @asap @ui-only @regression @safe › @smoke Stop list loads with available stops" classname="asap-only/asap-location.spec.ts" time="6.967">
<system-out>
<![CDATA[
[[ATTACHMENT|test-results/asap-only-asap-location-AS-30566--loads-with-available-stops-rider-chromium/test-failed-1.png]]

[[ATTACHMENT|test-results/asap-only-asap-location-AS-30566--loads-with-available-stops-rider-chromium/video.webm]]

[[ATTACHMENT|test-results/asap-only-asap-location-AS-30566--loads-with-available-stops-rider-chromium/error-context.md]]

[[ATTACHMENT|test-results/asap-only-asap-location-AS-30566--loads-with-available-stops-rider-chromium/trace.zip]]

[[ATTACHMENT|test-results/asap-only-asap-location-AS-30566--loads-with-available-stops-rider-chromium-retry1/test-failed-1.png]]

[[ATTACHMENT|test-results/asap-only-asap-location-AS-30566--loads-with-available-stops-rider-chromium-retry1/video.webm]]

[[ATTACHMENT|test-results/asap-only-asap-location-AS-30566--loads-with-available-stops-rider-chromium-retry1/error-context.md]]

[[ATTACHMENT|test-results/asap-only-asap-location-AS-30566--loads-with-available-stops-rider-chromium-retry1/trace.zip]]
]]>
</system-out>
<failure message="expect(received).toBeGreaterThan(expected)" type="expect.toBeGreaterThan">
<![CDATA[  [rider-chromium] › asap-only/asap-location.spec.ts:86:7 › ASAP Only — Location Selection @asap @ui-only @regression @safe › @smoke Stop list loads with available stops 

    Error: expect(received).toBeGreaterThan(expected)

    Expected: > 0
    Received:   0

      86 |   test('@smoke Stop list loads with available stops', async ({ selectLocationPage }) => {
      87 |     const names = await selectLocationPage.getVisibleStopNames();
    > 88 |     expect(names.length).toBeGreaterThan(0);
         |                          ^
      89 |   });
      90 |
      91 |   test('@smoke @sanity Pickup stop selection populates input', async ({ selectLocationPage }) => {
        at /home/user/Desktop/ai-tms-riderapp-playwright-e2e-tests/tests/on-demand/asap-only/asap-location.spec.ts:88:26

    attachment #1: screenshot (image/png) ──────────────────────────────────────────────────────────
    ../../test-results/asap-only-asap-location-AS-30566--loads-with-available-stops-rider-chromium/test-failed-1.png
    ────────────────────────────────────────────────────────────────────────────────────────────────

    attachment #2: video (video/webm) ──────────────────────────────────────────────────────────────
    ../../test-results/asap-only-asap-location-AS-30566--loads-with-available-stops-rider-chromium/video.webm
    ────────────────────────────────────────────────────────────────────────────────────────────────

    Error Context: ../../test-results/asap-only-asap-location-AS-30566--loads-with-available-stops-rider-chromium/error-context.md

    attachment #4: trace (application/zip) ─────────────────────────────────────────────────────────
    ../../test-results/asap-only-asap-location-AS-30566--loads-with-available-stops-rider-chromium/trace.zip
    Usage:

        npx playwright show-trace ../../test-results/asap-only-asap-location-AS-30566--loads-with-available-stops-rider-chromium/trace.zip

    ────────────────────────────────────────────────────────────────────────────────────────────────

    Retry #1 ───────────────────────────────────────────────────────────────────────────────────────

    Error: expect(received).toBeGreaterThan(expected)

    Expected: > 0
    Received:   0

      86 |   test('@smoke Stop list loads with available stops', async ({ selectLocationPage }) => {
      87 |     const names = await selectLocationPage.getVisibleStopNames();
    > 88 |     expect(names.length).toBeGreaterThan(0);
         |                          ^
      89 |   });
      90 |
      91 |   test('@smoke @sanity Pickup stop selection populates input', async ({ selectLocationPage }) => {
        at /home/user/Desktop/ai-tms-riderapp-playwright-e2e-tests/tests/on-demand/asap-only/asap-location.spec.ts:88:26

    attachment #1: screenshot (image/png) ──────────────────────────────────────────────────────────
    ../../test-results/asap-only-asap-location-AS-30566--loads-with-available-stops-rider-chromium-retry1/test-failed-1.png
    ────────────────────────────────────────────────────────────────────────────────────────────────

    attachment #2: video (video/webm) ──────────────────────────────────────────────────────────────
    ../../test-results/asap-only-asap-location-AS-30566--loads-with-available-stops-rider-chromium-retry1/video.webm
    ────────────────────────────────────────────────────────────────────────────────────────────────

    Error Context: ../../test-results/asap-only-asap-location-AS-30566--loads-with-available-stops-rider-chromium-retry1/error-context.md

    attachment #4: trace (application/zip) ─────────────────────────────────────────────────────────
    ../../test-results/asap-only-asap-location-AS-30566--loads-with-available-stops-rider-chromium-retry1/trace.zip
    Usage:

        npx playwright show-trace ../../test-results/asap-only-asap-location-AS-30566--loads-with-available-stops-rider-chromium-retry1/trace.zip

    ────────────────────────────────────────────────────────────────────────────────────────────────
]]>
</failure>
</testcase>
<testcase name="ASAP Only — Location Selection @asap @ui-only @regression @safe › @smoke @sanity Pickup stop selection populates input" classname="asap-only/asap-location.spec.ts" time="36.425">
<system-out>
<![CDATA[
[[ATTACHMENT|test-results/asap-only-asap-location-AS-7a1af-p-selection-populates-input-rider-chromium/test-failed-1.png]]

[[ATTACHMENT|test-results/asap-only-asap-location-AS-7a1af-p-selection-populates-input-rider-chromium/video.webm]]

[[ATTACHMENT|test-results/asap-only-asap-location-AS-7a1af-p-selection-populates-input-rider-chromium/error-context.md]]

[[ATTACHMENT|test-results/asap-only-asap-location-AS-7a1af-p-selection-populates-input-rider-chromium/trace.zip]]
]]>
</system-out>
</testcase>
<testcase name="ASAP Only — Location Selection @asap @ui-only @regression @safe › Dropoff stop selection populates input" classname="asap-only/asap-location.spec.ts" time="36.526">
<system-out>
<![CDATA[
[[ATTACHMENT|test-results/asap-only-asap-location-AS-8f0ab-p-selection-populates-input-rider-chromium/test-failed-1.png]]

[[ATTACHMENT|test-results/asap-only-asap-location-AS-8f0ab-p-selection-populates-input-rider-chromium/video.webm]]

[[ATTACHMENT|test-results/asap-only-asap-location-AS-8f0ab-p-selection-populates-input-rider-chromium/error-context.md]]

[[ATTACHMENT|test-results/asap-only-asap-location-AS-8f0ab-p-selection-populates-input-rider-chromium/trace.zip]]
]]>
</system-out>
</testcase>
<testcase name="ASAP Only — Location Selection @asap @ui-only @regression @safe › Cannot select same stop for both" classname="asap-only/asap-location.spec.ts" time="36.599">
<system-out>
<![CDATA[
[[ATTACHMENT|test-results/asap-only-asap-location-AS-e591e-t-select-same-stop-for-both-rider-chromium/test-failed-1.png]]

[[ATTACHMENT|test-results/asap-only-asap-location-AS-e591e-t-select-same-stop-for-both-rider-chromium/video.webm]]

[[ATTACHMENT|test-results/asap-only-asap-location-AS-e591e-t-select-same-stop-for-both-rider-chromium/error-context.md]]

[[ATTACHMENT|test-results/asap-only-asap-location-AS-e591e-t-select-same-stop-for-both-rider-chromium/trace.zip]]
]]>
</system-out>
</testcase>
<testcase name="ASAP Only — Location Selection @asap @ui-only @regression @safe › Stop search filters the list" classname="asap-only/asap-location.spec.ts" time="16.995">
<system-out>
<![CDATA[
[[ATTACHMENT|test-results/asap-only-asap-location-AS-178ee-top-search-filters-the-list-rider-chromium/test-failed-1.png]]

[[ATTACHMENT|test-results/asap-only-asap-location-AS-178ee-top-search-filters-the-list-rider-chromium/video.webm]]

[[ATTACHMENT|test-results/asap-only-asap-location-AS-178ee-top-search-filters-the-list-rider-chromium/error-context.md]]

[[ATTACHMENT|test-results/asap-only-asap-location-AS-178ee-top-search-filters-the-list-rider-chromium/trace.zip]]

[[ATTACHMENT|test-results/asap-only-asap-location-AS-178ee-top-search-filters-the-list-rider-chromium-retry1/test-failed-1.png]]

[[ATTACHMENT|test-results/asap-only-asap-location-AS-178ee-top-search-filters-the-list-rider-chromium-retry1/video.webm]]

[[ATTACHMENT|test-results/asap-only-asap-location-AS-178ee-top-search-filters-the-list-rider-chromium-retry1/error-context.md]]

[[ATTACHMENT|test-results/asap-only-asap-location-AS-178ee-top-search-filters-the-list-rider-chromium-retry1/trace.zip]]
]]>
</system-out>
<error message="locator.waitFor: Timeout 5000ms exceeded." type="TimeoutError">
<![CDATA[  [rider-chromium] › asap-only/asap-location.spec.ts:116:7 › ASAP Only — Location Selection @asap @ui-only @regression @safe › Stop search filters the list 

    TimeoutError: locator.waitFor: Timeout 5000ms exceeded.
    Call log:
      - waiting for getByRole('heading', { name: /Terminal/, level: 4 }).first() to be visible


      118 |     await selectLocationPage.pickupInput.fill(stops.searchKeyword);
      119 |     await page.getByRole('heading', { level: 4, name: new RegExp(stops.searchKeyword) }).first()
    > 120 |       .waitFor({ timeout: 5_000 });
          |        ^
      121 |     const match = page.getByRole('heading', { level: 4, name: new RegExp(stops.searchKeyword) });
      122 |     await expect(match.first()).toBeVisible();
      123 |   });
        at /home/user/Desktop/ai-tms-riderapp-playwright-e2e-tests/tests/on-demand/asap-only/asap-location.spec.ts:120:8

    attachment #1: screenshot (image/png) ──────────────────────────────────────────────────────────
    ../../test-results/asap-only-asap-location-AS-178ee-top-search-filters-the-list-rider-chromium/test-failed-1.png
    ────────────────────────────────────────────────────────────────────────────────────────────────

    attachment #2: video (video/webm) ──────────────────────────────────────────────────────────────
    ../../test-results/asap-only-asap-location-AS-178ee-top-search-filters-the-list-rider-chromium/video.webm
    ────────────────────────────────────────────────────────────────────────────────────────────────

    Error Context: ../../test-results/asap-only-asap-location-AS-178ee-top-search-filters-the-list-rider-chromium/error-context.md

    attachment #4: trace (application/zip) ─────────────────────────────────────────────────────────
    ../../test-results/asap-only-asap-location-AS-178ee-top-search-filters-the-list-rider-chromium/trace.zip
    Usage:

        npx playwright show-trace ../../test-results/asap-only-asap-location-AS-178ee-top-search-filters-the-list-rider-chromium/trace.zip

    ────────────────────────────────────────────────────────────────────────────────────────────────

    Retry #1 ───────────────────────────────────────────────────────────────────────────────────────

    TimeoutError: locator.waitFor: Timeout 5000ms exceeded.
    Call log:
      - waiting for getByRole('heading', { name: /Terminal/, level: 4 }).first() to be visible


      118 |     await selectLocationPage.pickupInput.fill(stops.searchKeyword);
      119 |     await page.getByRole('heading', { level: 4, name: new RegExp(stops.searchKeyword) }).first()
    > 120 |       .waitFor({ timeout: 5_000 });
          |        ^
      121 |     const match = page.getByRole('heading', { level: 4, name: new RegExp(stops.searchKeyword) });
      122 |     await expect(match.first()).toBeVisible();
      123 |   });
        at /home/user/Desktop/ai-tms-riderapp-playwright-e2e-tests/tests/on-demand/asap-only/asap-location.spec.ts:120:8

    attachment #1: screenshot (image/png) ──────────────────────────────────────────────────────────
    ../../test-results/asap-only-asap-location-AS-178ee-top-search-filters-the-list-rider-chromium-retry1/test-failed-1.png
    ────────────────────────────────────────────────────────────────────────────────────────────────

    attachment #2: video (video/webm) ──────────────────────────────────────────────────────────────
    ../../test-results/asap-only-asap-location-AS-178ee-top-search-filters-the-list-rider-chromium-retry1/video.webm
    ────────────────────────────────────────────────────────────────────────────────────────────────

    Error Context: ../../test-results/asap-only-asap-location-AS-178ee-top-search-filters-the-list-rider-chromium-retry1/error-context.md

    attachment #4: trace (application/zip) ─────────────────────────────────────────────────────────
    ../../test-results/asap-only-asap-location-AS-178ee-top-search-filters-the-list-rider-chromium-retry1/trace.zip
    Usage:

        npx playwright show-trace ../../test-results/asap-only-asap-location-AS-178ee-top-search-filters-the-list-rider-chromium-retry1/trace.zip

    ────────────────────────────────────────────────────────────────────────────────────────────────
]]>
</error>
</testcase>
<testcase name="ASAP Only — Location Selection @asap @ui-only @regression @safe › Search with no results shows not-found message" classname="asap-only/asap-location.spec.ts" time="23.483">
<system-out>
<![CDATA[
[[ATTACHMENT|test-results/asap-only-asap-location-AS-59247-lts-shows-not-found-message-rider-chromium/test-failed-1.png]]

[[ATTACHMENT|test-results/asap-only-asap-location-AS-59247-lts-shows-not-found-message-rider-chromium/video.webm]]

[[ATTACHMENT|test-results/asap-only-asap-location-AS-59247-lts-shows-not-found-message-rider-chromium/error-context.md]]

[[ATTACHMENT|test-results/asap-only-asap-location-AS-59247-lts-shows-not-found-message-rider-chromium/trace.zip]]
]]>
</system-out>
</testcase>
<testcase name="ASAP Only — Location Selection @asap @ui-only @regression @safe › Clear pickup input resets selection" classname="asap-only/asap-location.spec.ts" time="5.068">
</testcase>
<testcase name="ASAP Only — Location Selection @asap @ui-only @regression @safe › &quot;View on map&quot; button is visible" classname="asap-only/asap-location.spec.ts" time="3.333">
</testcase>
<testcase name="ASAP Only — Location Selection @asap @ui-only @regression @safe › Back button triggers confirmation dialog" classname="asap-only/asap-location.spec.ts" time="4.633">
</testcase>
<testcase name="ASAP Only — Location Selection @asap @ui-only @regression @safe › Cancel in back dialog keeps user on page" classname="asap-only/asap-location.spec.ts" time="3.67">
</testcase>
<testcase name="ASAP Only — Location Negatives @asap @safe @regression @negative › @negative NEG_LOC_001: selected pickup is excluded from the dropoff list" classname="asap-only/asap-location.spec.ts" time="6.785">
</testcase>
<testcase name="ASAP Only — Location Negatives @asap @safe @regression @negative › @negative NEG_LOC_002: cannot proceed to the form without both stops" classname="asap-only/asap-location.spec.ts" time="3.737">
</testcase>
<testcase name="ASAP Only — Location Negatives @asap @safe @regression @negative › @negative NEG_LOC_003: junk search surfaces the not-found state" classname="asap-only/asap-location.spec.ts" time="8.057">
</testcase>
<testcase name="ASAP Only — Navigation Negatives @asap @ui-only @safe @regression @negative › @negative NEG_NAV_001: unknown app route returns a 404 page" classname="asap-only/asap-location.spec.ts" time="2.387">
</testcase>
<testcase name="ASAP Only — Navigation Negatives @asap @ui-only @safe @regression @negative › @negative NEG_NAV_002: nonexistent booking id returns a 404 page" classname="asap-only/asap-location.spec.ts" time="2.576">
</testcase>
<testcase name="ASAP Only — Navigation Negatives @asap @ui-only @safe @regression @negative › @negative NEG_NAV_003: invalid ride code does not render a functional ride" classname="asap-only/asap-location.spec.ts" time="9.383">
</testcase>
</testsuite>
<testsuite name="asap-only/asap-validation.spec.ts" timestamp="2026-07-08T15:54:02.880Z" hostname="rider-chromium" tests="18" failures="0" skipped="0" time="122.967" errors="0">
<testcase name="ASAP Only — Validation @asap @ui-only @regression @safe › @smoke @sanity ASAP_019: Empty form submission blocked — validation errors on name and phone" classname="asap-only/asap-validation.spec.ts" time="5.409">
</testcase>
<testcase name="ASAP Only — Validation @asap @ui-only @regression @safe › ASAP_020: Name field shows validation error when empty" classname="asap-only/asap-validation.spec.ts" time="7.875">
</testcase>
<testcase name="ASAP Only — Validation @asap @ui-only @regression @safe › ASAP_021: Phone field shows error for too-short phone" classname="asap-only/asap-validation.spec.ts" time="6.963">
</testcase>
<testcase name="ASAP Only — Validation @asap @ui-only @regression @safe › Phone field accepts valid phone (10-16 digits)" classname="asap-only/asap-validation.spec.ts" time="7.019">
</testcase>
<testcase name="ASAP Only — Validation @asap @ui-only @regression @safe › Phone too-long is truncated" classname="asap-only/asap-validation.spec.ts" time="6.201">
</testcase>
<testcase name="ASAP Only — Validation @asap @ui-only @regression @safe › ASAP_022: Riders were required and selected" classname="asap-only/asap-validation.spec.ts" time="5.91">
</testcase>
<testcase name="ASAP Only — Validation @asap @ui-only @regression @safe › ASAP_023: No time-related validation error" classname="asap-only/asap-validation.spec.ts" time="6.467">
</testcase>
<testcase name="ASAP Only — Validation @asap @ui-only @regression @safe › @smoke ASAP_024: XSS sanitized in name" classname="asap-only/asap-validation.spec.ts" time="7.92">
</testcase>
<testcase name="ASAP Only — Validation @asap @ui-only @regression @safe › ASAP_025: XSS sanitized in notes" classname="asap-only/asap-validation.spec.ts" time="6.229">
</testcase>
<testcase name="ASAP Only — Validation @asap @ui-only @regression @safe › ASAP_026: Scroll to first error on submit" classname="asap-only/asap-validation.spec.ts" time="6.617">
</testcase>
<testcase name="ASAP Only — Validation @asap @ui-only @regression @safe › Form recovery — fixing name clears error" classname="asap-only/asap-validation.spec.ts" time="6.982">
</testcase>
<testcase name="ASAP Only — Validation @asap @ui-only @regression @safe › Form recovery — fixing phone clears error" classname="asap-only/asap-validation.spec.ts" time="7.338">
</testcase>
<testcase name="ASAP Only — Validation @asap @ui-only @regression @safe › Riders already selected — form functional" classname="asap-only/asap-validation.spec.ts" time="5.884">
</testcase>
<testcase name="ASAP Only — Validation @asap @ui-only @regression @safe › Notes textarea respects maxLength" classname="asap-only/asap-validation.spec.ts" time="6.432">
</testcase>
<testcase name="ASAP Only — Form Negatives @asap @safe @regression @negative › @negative NEG_FORM_001: phone input enforces maxLength (16)" classname="asap-only/asap-validation.spec.ts" time="6.761">
</testcase>
<testcase name="ASAP Only — Form Negatives @asap @safe @regression @negative › @negative NEG_FORM_002: name input sanitizes HTML/script characters" classname="asap-only/asap-validation.spec.ts" time="6.26">
</testcase>
<testcase name="ASAP Only — Form Negatives @asap @safe @regression @negative › @negative NEG_FORM_003: partial submit (name only) → phone validation error" classname="asap-only/asap-validation.spec.ts" time="6.654">
</testcase>
<testcase name="ASAP Only — Form Negatives @asap @safe @regression @negative › @negative NEG_FORM_004: whitespace-only name does not produce a ride" classname="asap-only/asap-validation.spec.ts" time="10.046">
</testcase>
</testsuite>
<testsuite name="asap-only/asap-cancellation.spec.ts" timestamp="2026-07-08T15:54:02.880Z" hostname="rider-creates-ride" tests="28" failures="0" skipped="0" time="410.444" errors="0">
<testcase name="ASAP Only — Cancel Ride @asap @creates-ride @regression › CANCEL_001: Cancel Ride link visible when ride active" classname="asap-only/asap-cancellation.spec.ts" time="12.447">
</testcase>
<testcase name="ASAP Only — Cancel Ride @asap @creates-ride @regression › CANCEL_002: Call Operator link visible alongside Cancel" classname="asap-only/asap-cancellation.spec.ts" time="12.346">
</testcase>
<testcase name="ASAP Only — Cancel Ride @asap @creates-ride @regression › CANCEL_003: Cancel Ride hidden after cancellation" classname="asap-only/asap-cancellation.spec.ts" time="16.467">
</testcase>
<testcase name="ASAP Only — Cancel Ride @asap @creates-ride @regression › CANCEL_004: Cancel dialog opens with heading" classname="asap-only/asap-cancellation.spec.ts" time="13.153">
</testcase>
<testcase name="ASAP Only — Cancel Ride @asap @creates-ride @regression › CANCEL_005: Dialog shows all 5 cancellation reasons" classname="asap-only/asap-cancellation.spec.ts" time="12.613">
</testcase>
<testcase name="ASAP Only — Cancel Ride @asap @creates-ride @regression › CANCEL_006: Dialog shows Back and Cancel Ride buttons" classname="asap-only/asap-cancellation.spec.ts" time="17.824">
</testcase>
<testcase name="ASAP Only — Cancel Ride @asap @creates-ride @regression › CANCEL_007: Cancel Ride button disabled when no reason selected" classname="asap-only/asap-cancellation.spec.ts" time="13.31">
</testcase>
<testcase name="ASAP Only — Cancel Ride @asap @creates-ride @regression › CANCEL_008: Back button closes dialog without canceling" classname="asap-only/asap-cancellation.spec.ts" time="16.678">
</testcase>
<testcase name="ASAP Only — Cancel Ride @asap @creates-ride @regression › CANCEL_009: &quot;Ride request was not accepted&quot; — enables submit" classname="asap-only/asap-cancellation.spec.ts" time="12.698">
</testcase>
<testcase name="ASAP Only — Cancel Ride @asap @creates-ride @regression › CANCEL_010: Cancel with &quot;Ride request was not accepted&quot; succeeds" classname="asap-only/asap-cancellation.spec.ts" time="13.719">
</testcase>
<testcase name="ASAP Only — Cancel Ride @asap @creates-ride @regression › CANCEL_011: &quot;Wait time was too long&quot; — enables submit" classname="asap-only/asap-cancellation.spec.ts" time="12.772">
</testcase>
<testcase name="ASAP Only — Cancel Ride @asap @creates-ride @regression › CANCEL_012: Cancel with &quot;Wait time was too long&quot; succeeds" classname="asap-only/asap-cancellation.spec.ts" time="20.407">
</testcase>
<testcase name="ASAP Only — Cancel Ride @asap @creates-ride @regression › CANCEL_013: &quot;Change in travel plans&quot; — enables submit" classname="asap-only/asap-cancellation.spec.ts" time="17.36">
</testcase>
<testcase name="ASAP Only — Cancel Ride @asap @creates-ride @regression › @sanity CANCEL_014: Cancel with &quot;Change in travel plans&quot; succeeds" classname="asap-only/asap-cancellation.spec.ts" time="15.225">
</testcase>
<testcase name="ASAP Only — Cancel Ride @asap @creates-ride @regression › CANCEL_015: &quot;Found alternative ride&quot; — enables submit" classname="asap-only/asap-cancellation.spec.ts" time="15.261">
</testcase>
<testcase name="ASAP Only — Cancel Ride @asap @creates-ride @regression › CANCEL_016: Cancel with &quot;Found alternative ride&quot; succeeds" classname="asap-only/asap-cancellation.spec.ts" time="15.26">
</testcase>
<testcase name="ASAP Only — Cancel Ride @asap @creates-ride @regression › CANCEL_017: &quot;App or technical issue&quot; shows textarea" classname="asap-only/asap-cancellation.spec.ts" time="13.671">
</testcase>
<testcase name="ASAP Only — Cancel Ride @asap @creates-ride @regression › CANCEL_018: &quot;App or technical issue&quot; + details enables submit" classname="asap-only/asap-cancellation.spec.ts" time="12.537">
</testcase>
<testcase name="ASAP Only — Cancel Ride @asap @creates-ride @regression › CANCEL_019: Cancel with &quot;App or technical issue&quot; + details succeeds" classname="asap-only/asap-cancellation.spec.ts" time="14.229">
</testcase>
<testcase name="ASAP Only — Cancel Ride @asap @creates-ride @regression › CANCEL_020: Switching reasons keeps submit enabled" classname="asap-only/asap-cancellation.spec.ts" time="12.612">
</testcase>
<testcase name="ASAP Only — Cancel Ride @asap @creates-ride @regression › CANCEL_021: Payload contains ride code and reason" classname="asap-only/asap-cancellation.spec.ts" time="12.835">
</testcase>
<testcase name="ASAP Only — Cancel Ride @asap @creates-ride @regression › CANCEL_022: Endpoint is /cancel-ride (no type suffix for ASAP)" classname="asap-only/asap-cancellation.spec.ts" time="16.765">
</testcase>
<testcase name="ASAP Only — Cancel Ride @asap @creates-ride @regression › CANCEL_023: &quot;Ride Canceled Successfully!&quot; banner shown" classname="asap-only/asap-cancellation.spec.ts" time="14.874">
</testcase>
<testcase name="ASAP Only — Cancel Ride @asap @creates-ride @regression › CANCEL_024: &quot;Request Again&quot; button visible after cancel" classname="asap-only/asap-cancellation.spec.ts" time="14.635">
</testcase>
<testcase name="ASAP Only — Cancel Ride @asap @creates-ride @regression › CANCEL_025: &quot;Provide Feedback&quot; link visible after cancel" classname="asap-only/asap-cancellation.spec.ts" time="13.808">
</testcase>
<testcase name="ASAP Only — Cancel Ride @asap @creates-ride @regression › CANCEL_026: &quot;Call Operator&quot; link visible after cancel" classname="asap-only/asap-cancellation.spec.ts" time="17.67">
</testcase>
<testcase name="ASAP Only — Cancel Ride @asap @creates-ride @regression › CANCEL_027: &quot;Request Again&quot; button is visible on post-cancel screen" classname="asap-only/asap-cancellation.spec.ts" time="15.059">
</testcase>
<testcase name="ASAP Only — Cancel Smoke @asap @prod › @prod PROD_CANCEL_001: Create then immediately cancel a ride" classname="asap-only/asap-cancellation.spec.ts" time="14.209">
</testcase>
</testsuite>
<testsuite name="asap-only/asap-confirmation.spec.ts" timestamp="2026-07-08T15:54:02.880Z" hostname="rider-creates-ride" tests="12" failures="0" skipped="0" time="182.474" errors="1">
<testcase name="ASAP Only — Confirmation Page @asap @creates-ride @regression › @sanity ASAP_032: Shows status text, not TrackingCard" classname="asap-only/asap-confirmation.spec.ts" time="12.594">
</testcase>
<testcase name="ASAP Only — Confirmation Page @asap @creates-ride @regression › ASAP_033: Pickup and dropoff names are NOT shown in ASAP mode" classname="asap-only/asap-confirmation.spec.ts" time="13.19">
</testcase>
<testcase name="ASAP Only — Confirmation Page @asap @creates-ride @regression › ASAP_034: Shows ride status message" classname="asap-only/asap-confirmation.spec.ts" time="13.329">
</testcase>
<testcase name="ASAP Only — Confirmation Page @asap @creates-ride @regression › ASAP_035: Page has status heading elements" classname="asap-only/asap-confirmation.spec.ts" time="12.815">
</testcase>
<testcase name="ASAP Only — Confirmation Page @asap @creates-ride @regression › TrackingCard &quot;View All Bookings&quot; NOT visible" classname="asap-only/asap-confirmation.spec.ts" time="12.046">
</testcase>
<testcase name="ASAP Only — Confirmation Page @asap @creates-ride @regression › Map area present" classname="asap-only/asap-confirmation.spec.ts" time="13.78">
</testcase>
<testcase name="ASAP Only — Confirmation Page @asap @creates-ride @regression › Call Operator or Cancel Ride visible" classname="asap-only/asap-confirmation.spec.ts" time="12.876">
</testcase>
<testcase name="ASAP Only — Confirmation Page @asap @creates-ride @regression › ASAP_040: Client-side fetch includes ride code" classname="asap-only/asap-confirmation.spec.ts" time="12.096">
</testcase>
<testcase name="ASAP Only — Confirmation Page @asap @creates-ride @regression › No critical JavaScript errors" classname="asap-only/asap-confirmation.spec.ts" time="12.682">
</testcase>
<testcase name="ASAP Only — Confirmation Page @asap @creates-ride @regression › Confirmation page renders content" classname="asap-only/asap-confirmation.spec.ts" time="12.183">
</testcase>
<testcase name="ASAP Only — Confirmation Page @asap @creates-ride @regression › Progress animation or status card visible" classname="asap-only/asap-confirmation.spec.ts" time="13.14">
</testcase>
<testcase name="ASAP Only — Confirmation Page @asap @creates-ride @regression › ASAP_049: Rider details visible on tracking screen after submit" classname="asap-only/asap-confirmation.spec.ts" time="41.743">
<system-out>
<![CDATA[
[[ATTACHMENT|test-results/asap-only-asap-confirmatio-0c94a-racking-screen-after-submit-rider-creates-ride/test-failed-1.png]]

[[ATTACHMENT|test-results/asap-only-asap-confirmatio-0c94a-racking-screen-after-submit-rider-creates-ride/video.webm]]

[[ATTACHMENT|test-results/asap-only-asap-confirmatio-0c94a-racking-screen-after-submit-rider-creates-ride/error-context.md]]

[[ATTACHMENT|test-results/asap-only-asap-confirmatio-0c94a-racking-screen-after-submit-rider-creates-ride/trace.zip]]

[[ATTACHMENT|test-results/asap-only-asap-confirmatio-0c94a-racking-screen-after-submit-rider-creates-ride-retry1/test-failed-1.png]]

[[ATTACHMENT|test-results/asap-only-asap-confirmatio-0c94a-racking-screen-after-submit-rider-creates-ride-retry1/video.webm]]

[[ATTACHMENT|test-results/asap-only-asap-confirmatio-0c94a-racking-screen-after-submit-rider-creates-ride-retry1/error-context.md]]

[[ATTACHMENT|test-results/asap-only-asap-confirmatio-0c94a-racking-screen-after-submit-rider-creates-ride-retry1/trace.zip]]
]]>
</system-out>
<error message="locator.scrollIntoViewIfNeeded: Timeout 10000ms exceeded." type="TimeoutError">
<![CDATA[  [rider-creates-ride] › asap-only/asap-confirmation.spec.ts:120:7 › ASAP Only — Confirmation Page @asap @creates-ride @regression › ASAP_049: Rider details visible on tracking screen after submit 

    TimeoutError: locator.scrollIntoViewIfNeeded: Timeout 10000ms exceeded.
    Call log:
      - waiting for getByPlaceholder('Flight Number')


       at ../../pages/rider/GuestFormSection.ts:101

       99 |   /** Fill the ASAP "Flight Number" field (maxlength 10). */
      100 |   async fillFlight(value: string) {
    > 101 |     await this.flightInput.scrollIntoViewIfNeeded();
          |                            ^
      102 |     await this.flightInput.fill(value);
      103 |   }
      104 |
        at GuestFormSection.fillFlight (/home/user/Desktop/ai-tms-riderapp-playwright-e2e-tests/pages/rider/GuestFormSection.ts:101:28)
        at /home/user/Desktop/ai-tms-riderapp-playwright-e2e-tests/tests/on-demand/asap-only/asap-confirmation.spec.ts:128:14

    attachment #1: screenshot (image/png) ──────────────────────────────────────────────────────────
    ../../test-results/asap-only-asap-confirmatio-0c94a-racking-screen-after-submit-rider-creates-ride/test-failed-1.png
    ────────────────────────────────────────────────────────────────────────────────────────────────

    attachment #2: video (video/webm) ──────────────────────────────────────────────────────────────
    ../../test-results/asap-only-asap-confirmatio-0c94a-racking-screen-after-submit-rider-creates-ride/video.webm
    ────────────────────────────────────────────────────────────────────────────────────────────────

    Error Context: ../../test-results/asap-only-asap-confirmatio-0c94a-racking-screen-after-submit-rider-creates-ride/error-context.md

    attachment #4: trace (application/zip) ─────────────────────────────────────────────────────────
    ../../test-results/asap-only-asap-confirmatio-0c94a-racking-screen-after-submit-rider-creates-ride/trace.zip
    Usage:

        npx playwright show-trace ../../test-results/asap-only-asap-confirmatio-0c94a-racking-screen-after-submit-rider-creates-ride/trace.zip

    ────────────────────────────────────────────────────────────────────────────────────────────────

    Retry #1 ───────────────────────────────────────────────────────────────────────────────────────

    TimeoutError: locator.scrollIntoViewIfNeeded: Timeout 10000ms exceeded.
    Call log:
      - waiting for getByPlaceholder('Flight Number')


       at ../../pages/rider/GuestFormSection.ts:101

       99 |   /** Fill the ASAP "Flight Number" field (maxlength 10). */
      100 |   async fillFlight(value: string) {
    > 101 |     await this.flightInput.scrollIntoViewIfNeeded();
          |                            ^
      102 |     await this.flightInput.fill(value);
      103 |   }
      104 |
        at GuestFormSection.fillFlight (/home/user/Desktop/ai-tms-riderapp-playwright-e2e-tests/pages/rider/GuestFormSection.ts:101:28)
        at /home/user/Desktop/ai-tms-riderapp-playwright-e2e-tests/tests/on-demand/asap-only/asap-confirmation.spec.ts:128:14

    attachment #1: screenshot (image/png) ──────────────────────────────────────────────────────────
    ../../test-results/asap-only-asap-confirmatio-0c94a-racking-screen-after-submit-rider-creates-ride-retry1/test-failed-1.png
    ────────────────────────────────────────────────────────────────────────────────────────────────

    attachment #2: video (video/webm) ──────────────────────────────────────────────────────────────
    ../../test-results/asap-only-asap-confirmatio-0c94a-racking-screen-after-submit-rider-creates-ride-retry1/video.webm
    ────────────────────────────────────────────────────────────────────────────────────────────────

    Error Context: ../../test-results/asap-only-asap-confirmatio-0c94a-racking-screen-after-submit-rider-creates-ride-retry1/error-context.md

    attachment #4: trace (application/zip) ─────────────────────────────────────────────────────────
    ../../test-results/asap-only-asap-confirmatio-0c94a-racking-screen-after-submit-rider-creates-ride-retry1/trace.zip
    Usage:

        npx playwright show-trace ../../test-results/asap-only-asap-confirmatio-0c94a-racking-screen-after-submit-rider-creates-ride-retry1/trace.zip

    ────────────────────────────────────────────────────────────────────────────────────────────────
]]>
</error>
</testcase>
</testsuite>
<testsuite name="asap-only/asap-dispatch-lifecycle.spec.ts" timestamp="2026-07-08T15:54:02.880Z" hostname="rider-creates-ride" tests="16" failures="0" skipped="16" time="16.13" errors="0">
<testcase name="ASAP Only — Dispatch Lifecycle @asap @dispatch-lifecycle › @dispatch-lifecycle DISPATCH_001: Create → assign driver → complete" classname="asap-only/asap-dispatch-lifecycle.spec.ts">
<properties>
<property name="skip" value="Dispatch lifecycle not enabled for this environment">
</property>
</properties>
<skipped>
</skipped>
</testcase>
<testcase name="ASAP Only — Dispatch Lifecycle @asap @dispatch-lifecycle › @dispatch-lifecycle DISPATCH_002: Create → assign driver → cancel" classname="asap-only/asap-dispatch-lifecycle.spec.ts">
<properties>
<property name="skip" value="Dispatch lifecycle not enabled for this environment">
</property>
</properties>
<skipped>
</skipped>
</testcase>
<testcase name="ASAP Only — Dispatch Lifecycle @asap @dispatch-lifecycle › @dispatch-lifecycle DISPATCH_003: Driver assignment updates rider tracking UI in real time" classname="asap-only/asap-dispatch-lifecycle.spec.ts">
<properties>
<property name="skip" value="Dispatch lifecycle not enabled for this environment">
</property>
</properties>
<skipped>
</skipped>
</testcase>
<testcase name="ASAP Only — Dispatch Lifecycle @asap @dispatch-lifecycle › @dispatch-lifecycle DISPATCH_004: Full journey — submitted → assigned → start → complete (UI at each screen)" classname="asap-only/asap-dispatch-lifecycle.spec.ts">
<properties>
<property name="skip" value="Dispatch lifecycle not enabled for this environment">
</property>
</properties>
<skipped>
</skipped>
</testcase>
<testcase name="ASAP Only — Dispatch Lifecycle @asap @dispatch-lifecycle › @dispatch-lifecycle DISPATCH_005: Full journey — pick up (granular) → drop off → complete" classname="asap-only/asap-dispatch-lifecycle.spec.ts">
<properties>
<property name="skip" value="Dispatch lifecycle not enabled for this environment">
</property>
</properties>
<skipped>
</skipped>
</testcase>
<testcase name="ASAP Only — Driver API Negatives @asap @dispatch-lifecycle @negative › @negative NEG_DRV_001: login with wrong passcode → 400 Invalid passcode" classname="asap-only/asap-dispatch-lifecycle.spec.ts">
<properties>
<property name="skip" value="Driver API not configured for this environment">
</property>
</properties>
<skipped>
</skipped>
</testcase>
<testcase name="ASAP Only — Driver API Negatives @asap @dispatch-lifecycle @negative › @negative NEG_DRV_002: login with wrong Basic gateway creds → 401" classname="asap-only/asap-dispatch-lifecycle.spec.ts">
<properties>
<property name="skip" value="Driver API not configured for this environment">
</property>
</properties>
<skipped>
</skipped>
</testcase>
<testcase name="ASAP Only — Driver API Negatives @asap @dispatch-lifecycle @negative › @negative NEG_DRV_003: login without Authorization header → 401 Missing Authorization" classname="asap-only/asap-dispatch-lifecycle.spec.ts">
<properties>
<property name="skip" value="Driver API not configured for this environment">
</property>
</properties>
<skipped>
</skipped>
</testcase>
<testcase name="ASAP Only — Driver API Negatives @asap @dispatch-lifecycle @negative › @negative NEG_DRV_004: login missing passcode → 422 validation error" classname="asap-only/asap-dispatch-lifecycle.spec.ts">
<properties>
<property name="skip" value="Driver API not configured for this environment">
</property>
</properties>
<skipped>
</skipped>
</testcase>
<testcase name="ASAP Only — Driver API Negatives @asap @dispatch-lifecycle @negative › @negative NEG_DRV_005: authed endpoint with garbage Bearer → 401" classname="asap-only/asap-dispatch-lifecycle.spec.ts">
<properties>
<property name="skip" value="Driver API not configured for this environment">
</property>
</properties>
<skipped>
</skipped>
</testcase>
<testcase name="ASAP Only — Driver API Negatives @asap @dispatch-lifecycle @negative › @negative NEG_DRV_006: authed endpoint with no Bearer → 401 Unauthorised" classname="asap-only/asap-dispatch-lifecycle.spec.ts">
<properties>
<property name="skip" value="Driver API not configured for this environment">
</property>
</properties>
<skipped>
</skipped>
</testcase>
<testcase name="ASAP Only — Driver API Negatives @asap @dispatch-lifecycle @negative › @negative NEG_DRV_007: dispatch-action missing dispatch → 422" classname="asap-only/asap-dispatch-lifecycle.spec.ts">
<properties>
<property name="skip" value="Driver API not configured for this environment">
</property>
</properties>
<skipped>
</skipped>
</testcase>
<testcase name="ASAP Only — Driver API Negatives @asap @dispatch-lifecycle @negative › @negative NEG_DRV_008: drivers-for-dispatch missing dispatch → 422" classname="asap-only/asap-dispatch-lifecycle.spec.ts">
<properties>
<property name="skip" value="Driver API not configured for this environment">
</property>
</properties>
<skipped>
</skipped>
</testcase>
<testcase name="ASAP Only — Driver API Negatives @asap @dispatch-lifecycle @negative › @negative NEG_DRV_009: dispatch-action on nonexistent dispatch → 400 Invalid request" classname="asap-only/asap-dispatch-lifecycle.spec.ts">
<properties>
<property name="skip" value="Driver API not configured for this environment">
</property>
</properties>
<skipped>
</skipped>
</testcase>
<testcase name="ASAP Only — Driver API Negatives @asap @dispatch-lifecycle @negative › @negative NEG_DRV_010: dispatch-status on nonexistent dispatch → 206 No Data Found" classname="asap-only/asap-dispatch-lifecycle.spec.ts">
<properties>
<property name="skip" value="Driver API not configured for this environment">
</property>
</properties>
<skipped>
</skipped>
</testcase>
<testcase name="ASAP Only — Driver API Negatives @asap @dispatch-lifecycle @negative › @negative NEG_DRV_011: assign-request to nonexistent dispatch/driver → 400 Invalid request" classname="asap-only/asap-dispatch-lifecycle.spec.ts">
<properties>
<property name="skip" value="Driver API not configured for this environment">
</property>
</properties>
<skipped>
</skipped>
</testcase>
</testsuite>
<testsuite name="asap-only/asap-e2e.spec.ts" timestamp="2026-07-08T15:54:02.880Z" hostname="rider-creates-ride" tests="10" failures="2" skipped="4" time="130.723" errors="0">
<testcase name="ASAP Only — End-to-End Flows @asap @creates-ride @regression › @sanity ASAP_047: Full happy path — Location → Form → Submit → Confirmation" classname="asap-only/asap-e2e.spec.ts" time="44.839">
<system-out>
<![CDATA[
[[ATTACHMENT|test-results/asap-only-asap-e2e-ASAP-On-1a9c9-orm-→-Submit-→-Confirmation-rider-creates-ride/test-failed-1.png]]

[[ATTACHMENT|test-results/asap-only-asap-e2e-ASAP-On-1a9c9-orm-→-Submit-→-Confirmation-rider-creates-ride/video.webm]]

[[ATTACHMENT|test-results/asap-only-asap-e2e-ASAP-On-1a9c9-orm-→-Submit-→-Confirmation-rider-creates-ride/error-context.md]]

[[ATTACHMENT|test-results/asap-only-asap-e2e-ASAP-On-1a9c9-orm-→-Submit-→-Confirmation-rider-creates-ride/trace.zip]]

[[ATTACHMENT|test-results/asap-only-asap-e2e-ASAP-On-1a9c9-orm-→-Submit-→-Confirmation-rider-creates-ride-retry1/test-failed-1.png]]

[[ATTACHMENT|test-results/asap-only-asap-e2e-ASAP-On-1a9c9-orm-→-Submit-→-Confirmation-rider-creates-ride-retry1/video.webm]]

[[ATTACHMENT|test-results/asap-only-asap-e2e-ASAP-On-1a9c9-orm-→-Submit-→-Confirmation-rider-creates-ride-retry1/error-context.md]]

[[ATTACHMENT|test-results/asap-only-asap-e2e-ASAP-On-1a9c9-orm-→-Submit-→-Confirmation-rider-creates-ride-retry1/trace.zip]]
]]>
</system-out>
<failure message="expect(locator).toBeVisible() failed" type="expect.toBeVisible">
<![CDATA[  [rider-creates-ride] › asap-only/asap-e2e.spec.ts:19:7 › ASAP Only — End-to-End Flows @asap @creates-ride @regression › @sanity ASAP_047: Full happy path — Location → Form → Submit → Confirmation 

    Error: expect(locator).toBeVisible() failed

    Locator: getByPlaceholder('Flight Number')
    Expected: visible
    Timeout: 10000ms
    Error: element(s) not found

    Call log:
      - Expect "toBeVisible" with timeout 10000ms
      - waiting for getByPlaceholder('Flight Number')


       at ../../pages/rider/GuestFormSection.ts:204

      202 |     await expect(this.notesTextarea).toBeVisible();
      203 |     // Flight & Room number are now part of ASAP "Other Details".
    > 204 |     await expect(this.flightInput).toBeVisible();
          |                                    ^
      205 |     await expect(this.roomInput).toBeVisible();
      206 |     // Rider-type radios remain hidden in ASAP mode.
      207 |     await expect(this.riderTypeSection).not.toBeVisible();
        at GuestFormSection.verifyAsapFormState (/home/user/Desktop/ai-tms-riderapp-playwright-e2e-tests/pages/rider/GuestFormSection.ts:204:36)
        at /home/user/Desktop/ai-tms-riderapp-playwright-e2e-tests/tests/on-demand/asap-only/asap-e2e.spec.ts:27:5

    attachment #1: screenshot (image/png) ──────────────────────────────────────────────────────────
    ../../test-results/asap-only-asap-e2e-ASAP-On-1a9c9-orm-→-Submit-→-Confirmation-rider-creates-ride/test-failed-1.png
    ────────────────────────────────────────────────────────────────────────────────────────────────

    attachment #2: video (video/webm) ──────────────────────────────────────────────────────────────
    ../../test-results/asap-only-asap-e2e-ASAP-On-1a9c9-orm-→-Submit-→-Confirmation-rider-creates-ride/video.webm
    ────────────────────────────────────────────────────────────────────────────────────────────────

    Error Context: ../../test-results/asap-only-asap-e2e-ASAP-On-1a9c9-orm-→-Submit-→-Confirmation-rider-creates-ride/error-context.md

    attachment #4: trace (application/zip) ─────────────────────────────────────────────────────────
    ../../test-results/asap-only-asap-e2e-ASAP-On-1a9c9-orm-→-Submit-→-Confirmation-rider-creates-ride/trace.zip
    Usage:

        npx playwright show-trace ../../test-results/asap-only-asap-e2e-ASAP-On-1a9c9-orm-→-Submit-→-Confirmation-rider-creates-ride/trace.zip

    ────────────────────────────────────────────────────────────────────────────────────────────────

    Retry #1 ───────────────────────────────────────────────────────────────────────────────────────

    Error: expect(locator).toBeVisible() failed

    Locator: getByPlaceholder('Flight Number')
    Expected: visible
    Timeout: 10000ms
    Error: element(s) not found

    Call log:
      - Expect "toBeVisible" with timeout 10000ms
      - waiting for getByPlaceholder('Flight Number')


       at ../../pages/rider/GuestFormSection.ts:204

      202 |     await expect(this.notesTextarea).toBeVisible();
      203 |     // Flight & Room number are now part of ASAP "Other Details".
    > 204 |     await expect(this.flightInput).toBeVisible();
          |                                    ^
      205 |     await expect(this.roomInput).toBeVisible();
      206 |     // Rider-type radios remain hidden in ASAP mode.
      207 |     await expect(this.riderTypeSection).not.toBeVisible();
        at GuestFormSection.verifyAsapFormState (/home/user/Desktop/ai-tms-riderapp-playwright-e2e-tests/pages/rider/GuestFormSection.ts:204:36)
        at /home/user/Desktop/ai-tms-riderapp-playwright-e2e-tests/tests/on-demand/asap-only/asap-e2e.spec.ts:27:5

    attachment #1: screenshot (image/png) ──────────────────────────────────────────────────────────
    ../../test-results/asap-only-asap-e2e-ASAP-On-1a9c9-orm-→-Submit-→-Confirmation-rider-creates-ride-retry1/test-failed-1.png
    ────────────────────────────────────────────────────────────────────────────────────────────────

    attachment #2: video (video/webm) ──────────────────────────────────────────────────────────────
    ../../test-results/asap-only-asap-e2e-ASAP-On-1a9c9-orm-→-Submit-→-Confirmation-rider-creates-ride-retry1/video.webm
    ────────────────────────────────────────────────────────────────────────────────────────────────

    Error Context: ../../test-results/asap-only-asap-e2e-ASAP-On-1a9c9-orm-→-Submit-→-Confirmation-rider-creates-ride-retry1/error-context.md

    attachment #4: trace (application/zip) ─────────────────────────────────────────────────────────
    ../../test-results/asap-only-asap-e2e-ASAP-On-1a9c9-orm-→-Submit-→-Confirmation-rider-creates-ride-retry1/trace.zip
    Usage:

        npx playwright show-trace ../../test-results/asap-only-asap-e2e-ASAP-On-1a9c9-orm-→-Submit-→-Confirmation-rider-creates-ride-retry1/trace.zip

    ────────────────────────────────────────────────────────────────────────────────────────────────
]]>
</failure>
</testcase>
<testcase name="ASAP Only — End-to-End Flows @asap @creates-ride @regression › Full flow with minimum fields" classname="asap-only/asap-e2e.spec.ts" time="14.179">
</testcase>
<testcase name="ASAP Only — End-to-End Flows @asap @creates-ride @regression › Full flow with all optional fields" classname="asap-only/asap-e2e.spec.ts" time="12.352">
</testcase>
<testcase name="ASAP Only — End-to-End Flows @asap @creates-ride @regression › Full flow verifies no future booking data in payload" classname="asap-only/asap-e2e.spec.ts" time="11.879">
</testcase>
<testcase name="ASAP Only — End-to-End Flows @asap @creates-ride @regression › Full flow with different stops" classname="asap-only/asap-e2e.spec.ts" time="11.027">
</testcase>
<testcase name="ASAP Only — End-to-End Flows @asap @creates-ride @regression › ASAP mode — no Future Booking elements anywhere" classname="asap-only/asap-e2e.spec.ts" time="36.447">
<system-out>
<![CDATA[
[[ATTACHMENT|test-results/asap-only-asap-e2e-ASAP-On-4fb39-e-Booking-elements-anywhere-rider-creates-ride/test-failed-1.png]]

[[ATTACHMENT|test-results/asap-only-asap-e2e-ASAP-On-4fb39-e-Booking-elements-anywhere-rider-creates-ride/video.webm]]

[[ATTACHMENT|test-results/asap-only-asap-e2e-ASAP-On-4fb39-e-Booking-elements-anywhere-rider-creates-ride/error-context.md]]

[[ATTACHMENT|test-results/asap-only-asap-e2e-ASAP-On-4fb39-e-Booking-elements-anywhere-rider-creates-ride/trace.zip]]

[[ATTACHMENT|test-results/asap-only-asap-e2e-ASAP-On-4fb39-e-Booking-elements-anywhere-rider-creates-ride-retry1/test-failed-1.png]]

[[ATTACHMENT|test-results/asap-only-asap-e2e-ASAP-On-4fb39-e-Booking-elements-anywhere-rider-creates-ride-retry1/video.webm]]

[[ATTACHMENT|test-results/asap-only-asap-e2e-ASAP-On-4fb39-e-Booking-elements-anywhere-rider-creates-ride-retry1/error-context.md]]

[[ATTACHMENT|test-results/asap-only-asap-e2e-ASAP-On-4fb39-e-Booking-elements-anywhere-rider-creates-ride-retry1/trace.zip]]
]]>
</system-out>
<failure message="expect(locator).toBeVisible() failed" type="expect.toBeVisible">
<![CDATA[  [rider-creates-ride] › asap-only/asap-e2e.spec.ts:93:7 › ASAP Only — End-to-End Flows @asap @creates-ride @regression › ASAP mode — no Future Booking elements anywhere 

    Error: expect(locator).toBeVisible() failed

    Locator: getByPlaceholder('Flight Number')
    Expected: visible
    Timeout: 10000ms
    Error: element(s) not found

    Call log:
      - Expect "toBeVisible" with timeout 10000ms
      - waiting for getByPlaceholder('Flight Number')


       at ../../pages/rider/GuestFormSection.ts:204

      202 |     await expect(this.notesTextarea).toBeVisible();
      203 |     // Flight & Room number are now part of ASAP "Other Details".
    > 204 |     await expect(this.flightInput).toBeVisible();
          |                                    ^
      205 |     await expect(this.roomInput).toBeVisible();
      206 |     // Rider-type radios remain hidden in ASAP mode.
      207 |     await expect(this.riderTypeSection).not.toBeVisible();
        at GuestFormSection.verifyAsapFormState (/home/user/Desktop/ai-tms-riderapp-playwright-e2e-tests/pages/rider/GuestFormSection.ts:204:36)
        at /home/user/Desktop/ai-tms-riderapp-playwright-e2e-tests/tests/on-demand/asap-only/asap-e2e.spec.ts:103:5

    attachment #1: screenshot (image/png) ──────────────────────────────────────────────────────────
    ../../test-results/asap-only-asap-e2e-ASAP-On-4fb39-e-Booking-elements-anywhere-rider-creates-ride/test-failed-1.png
    ────────────────────────────────────────────────────────────────────────────────────────────────

    attachment #2: video (video/webm) ──────────────────────────────────────────────────────────────
    ../../test-results/asap-only-asap-e2e-ASAP-On-4fb39-e-Booking-elements-anywhere-rider-creates-ride/video.webm
    ────────────────────────────────────────────────────────────────────────────────────────────────

    Error Context: ../../test-results/asap-only-asap-e2e-ASAP-On-4fb39-e-Booking-elements-anywhere-rider-creates-ride/error-context.md

    attachment #4: trace (application/zip) ─────────────────────────────────────────────────────────
    ../../test-results/asap-only-asap-e2e-ASAP-On-4fb39-e-Booking-elements-anywhere-rider-creates-ride/trace.zip
    Usage:

        npx playwright show-trace ../../test-results/asap-only-asap-e2e-ASAP-On-4fb39-e-Booking-elements-anywhere-rider-creates-ride/trace.zip

    ────────────────────────────────────────────────────────────────────────────────────────────────

    Retry #1 ───────────────────────────────────────────────────────────────────────────────────────

    Error: expect(locator).toBeVisible() failed

    Locator: getByPlaceholder('Flight Number')
    Expected: visible
    Timeout: 10000ms
    Error: element(s) not found

    Call log:
      - Expect "toBeVisible" with timeout 10000ms
      - waiting for getByPlaceholder('Flight Number')


       at ../../pages/rider/GuestFormSection.ts:204

      202 |     await expect(this.notesTextarea).toBeVisible();
      203 |     // Flight & Room number are now part of ASAP "Other Details".
    > 204 |     await expect(this.flightInput).toBeVisible();
          |                                    ^
      205 |     await expect(this.roomInput).toBeVisible();
      206 |     // Rider-type radios remain hidden in ASAP mode.
      207 |     await expect(this.riderTypeSection).not.toBeVisible();
        at GuestFormSection.verifyAsapFormState (/home/user/Desktop/ai-tms-riderapp-playwright-e2e-tests/pages/rider/GuestFormSection.ts:204:36)
        at /home/user/Desktop/ai-tms-riderapp-playwright-e2e-tests/tests/on-demand/asap-only/asap-e2e.spec.ts:103:5

    attachment #1: screenshot (image/png) ──────────────────────────────────────────────────────────
    ../../test-results/asap-only-asap-e2e-ASAP-On-4fb39-e-Booking-elements-anywhere-rider-creates-ride-retry1/test-failed-1.png
    ────────────────────────────────────────────────────────────────────────────────────────────────

    attachment #2: video (video/webm) ──────────────────────────────────────────────────────────────
    ../../test-results/asap-only-asap-e2e-ASAP-On-4fb39-e-Booking-elements-anywhere-rider-creates-ride-retry1/video.webm
    ────────────────────────────────────────────────────────────────────────────────────────────────

    Error Context: ../../test-results/asap-only-asap-e2e-ASAP-On-4fb39-e-Booking-elements-anywhere-rider-creates-ride-retry1/error-context.md

    attachment #4: trace (application/zip) ─────────────────────────────────────────────────────────
    ../../test-results/asap-only-asap-e2e-ASAP-On-4fb39-e-Booking-elements-anywhere-rider-creates-ride-retry1/trace.zip
    Usage:

        npx playwright show-trace ../../test-results/asap-only-asap-e2e-ASAP-On-4fb39-e-Booking-elements-anywhere-rider-creates-ride-retry1/trace.zip

    ────────────────────────────────────────────────────────────────────────────────────────────────
]]>
</failure>
</testcase>
<testcase name="ASAP Only — End-to-End Flows @asap @creates-ride @regression › Error flow — API failure stays on form" classname="asap-only/asap-e2e.spec.ts">
<properties>
<property name="fixme" value="">
</property>
</properties>
<skipped>
</skipped>
</testcase>
<testcase name="ASAP Only — End-to-End Flows @asap @creates-ride @regression › Error flow — API timeout stays on form" classname="asap-only/asap-e2e.spec.ts">
<properties>
<property name="fixme" value="">
</property>
</properties>
<skipped>
</skipped>
</testcase>
<testcase name="ASAP Only — End-to-End Flows @asap @creates-ride @regression › ASAP_043: Guest data restored from cookies" classname="asap-only/asap-e2e.spec.ts">
<properties>
<property name="fixme" value="">
</property>
</properties>
<skipped>
</skipped>
</testcase>
<testcase name="ASAP Only — End-to-End Flows @asap @creates-ride @regression › ASAP_044: Auth removed when phone changes" classname="asap-only/asap-e2e.spec.ts">
<properties>
<property name="fixme" value="">
</property>
</properties>
<skipped>
</skipped>
</testcase>
</testsuite>
<testsuite name="asap-only/asap-feedback.spec.ts" timestamp="2026-07-08T15:54:02.880Z" hostname="rider-creates-ride" tests="20" failures="0" skipped="0" time="324.302" errors="0">
<testcase name="ASAP Only — Feedback After Cancel @asap @creates-ride @regression › FB_001: Feedback modal opens with heading" classname="asap-only/asap-feedback.spec.ts" time="15.067">
</testcase>
<testcase name="ASAP Only — Feedback After Cancel @asap @creates-ride @regression › FB_002: Subheading visible" classname="asap-only/asap-feedback.spec.ts" time="14.38">
</testcase>
<testcase name="ASAP Only — Feedback After Cancel @asap @creates-ride @regression › FB_003: 3 emoji rating buttons visible" classname="asap-only/asap-feedback.spec.ts" time="14.113">
</testcase>
<testcase name="ASAP Only — Feedback After Cancel @asap @creates-ride @regression › FB_004: Textarea visible with &quot;Type your feedback&quot; placeholder" classname="asap-only/asap-feedback.spec.ts" time="14.248">
</testcase>
<testcase name="ASAP Only — Feedback After Cancel @asap @creates-ride @regression › FB_005: &quot;Share Feedback&quot; button visible but disabled" classname="asap-only/asap-feedback.spec.ts" time="19.715">
</testcase>
<testcase name="ASAP Only — Feedback After Cancel @asap @creates-ride @regression › FB_006: Selecting Sad enables &quot;Share Feedback&quot;" classname="asap-only/asap-feedback.spec.ts" time="14.991">
</testcase>
<testcase name="ASAP Only — Feedback After Cancel @asap @creates-ride @regression › FB_007: Submit with Sad rating + text succeeds" classname="asap-only/asap-feedback.spec.ts" time="16.75">
</testcase>
<testcase name="ASAP Only — Feedback After Cancel @asap @creates-ride @regression › FB_008: Selecting Neutral enables &quot;Share Feedback&quot;" classname="asap-only/asap-feedback.spec.ts" time="13.959">
</testcase>
<testcase name="ASAP Only — Feedback After Cancel @asap @creates-ride @regression › FB_009: Submit with Neutral rating + text succeeds" classname="asap-only/asap-feedback.spec.ts" time="14.202">
</testcase>
<testcase name="ASAP Only — Feedback After Cancel @asap @creates-ride @regression › FB_010: Selecting Happy enables &quot;Share Feedback&quot;" classname="asap-only/asap-feedback.spec.ts" time="17.58">
</testcase>
<testcase name="ASAP Only — Feedback After Cancel @asap @creates-ride @regression › FB_011: Submit with Happy rating (no text) succeeds" classname="asap-only/asap-feedback.spec.ts" time="15.875">
</testcase>
<testcase name="ASAP Only — Feedback After Cancel @asap @creates-ride @regression › @sanity FB_012: Submit with Happy rating + text succeeds" classname="asap-only/asap-feedback.spec.ts" time="15.612">
</testcase>
<testcase name="ASAP Only — Feedback After Cancel @asap @creates-ride @regression › FB_013: Selecting any rating enables submit" classname="asap-only/asap-feedback.spec.ts" time="14.491">
</testcase>
<testcase name="ASAP Only — Feedback After Cancel @asap @creates-ride @regression › FB_014: Textarea sanitizes XSS input" classname="asap-only/asap-feedback.spec.ts" time="14.743">
</testcase>
<testcase name="ASAP Only — Feedback After Cancel @asap @creates-ride @regression › FB_015: Feedback text retained when switching ratings" classname="asap-only/asap-feedback.spec.ts" time="14.047">
</testcase>
<testcase name="ASAP Only — Feedback After Cancel @asap @creates-ride @regression › FB_016: Feedback API called on submit" classname="asap-only/asap-feedback.spec.ts" time="15.756">
</testcase>
<testcase name="ASAP Only — Feedback After Cancel @asap @creates-ride @regression › FB_017: Thank You screen shown after feedback" classname="asap-only/asap-feedback.spec.ts" time="14.914">
</testcase>
<testcase name="ASAP Only — Feedback After Cancel @asap @creates-ride @regression › FB_018: &quot;Request Again&quot; button visible on Thank You" classname="asap-only/asap-feedback.spec.ts" time="14.424">
</testcase>
<testcase name="ASAP Only — Feedback After Cancel @asap @creates-ride @regression › FB_019: &quot;Request Again&quot; navigates to org page" classname="asap-only/asap-feedback.spec.ts" time="34.409">
</testcase>
<testcase name="ASAP Only — Feedback After Cancel @asap @creates-ride @regression › FB_020: Browser back blocked on Thank You" classname="asap-only/asap-feedback.spec.ts" time="15.026">
</testcase>
</testsuite>
</testsuites>